﻿
> frontend@0.0.0 build
> vite build

[36mvite v7.3.1 [32mbuilding client environment for production...[36m[39m
transforming...
node.exe : [33m[plugin vite:esbuild] 
src/pages/tpo/DriveManager.jsx: [33mThe 
character ">" is not valid inside a JSX 
element[33m
At line:1 char:1
+ & "C:\Program Files\nodejs/node.exe" 
"C:\Program Files\nodejs/node_mo ...
+ ~~~~~~~~~~~~~~~~~~~~~~~~~~~~~~~~~~~~~~~~~
~~~~~~~~~~~~~~~~~~~~~~~~~~~~
    + CategoryInfo          : NotSpecified 
   : ([33m[plugin vi...SX element[33m:S  
  tring) [], RemoteException
    + FullyQualifiedErrorId : NativeComman 
   dError
 
136 |                                      
    <td className="px-6 py-4 
whitespace-nowrap text-sm text-gray-500 
dark:text-gr...
137 |                                      
    <td className="px-6 py-4 
whitespace-nowrap text-sm text-gray-500 
dark:text-gr...
138 |                        > 
{drive.min_cgpa} CGPA | &lt; 
{drive.max_backlogs} BL
    |                        ^
139 |                                      
    </td>
140 |                                      
    <td className="px-6 py-4 
whitespace-nowrap text-sm text-gray-500 
dark:text-gr...
[39m
[32mΓ£ô[39m 43 modules transformed.
[31mΓ£ù[39m Build failed in 1.11s
[31merror during build:
[31mCould not resolve 
"../../services/api" from 
"src/components/ChatWidget.jsx"[31m
file: [36mC:/Users/Abdul hafeel/.gemini/an
tigravity/scratch/PlacementPro/frontend/src
/components/ChatWidget.jsx[31m
    at getRollupError (file:///C:/Users/Abd
ul%20hafeel/.gemini/antigravity/scratch/Pla
cementPro/frontend/node_modules/rollup/dist
/es/shared/parseAst.js:402:41)
    at error (file:///C:/Users/Abdul%20hafe
el/.gemini/antigravity/scratch/PlacementPro
/frontend/node_modules/rollup/dist/es/share
d/parseAst.js:398:42)
    at 
ModuleLoader.handleInvalidResolvedId (file:
///C:/Users/Abdul%20hafeel/.gemini/antigrav
ity/scratch/PlacementPro/frontend/node_modu
les/rollup/dist/es/shared/node-entry.js:216
87:24)
    at file:///C:/Users/Abdul%20hafeel/.gem
ini/antigravity/scratch/PlacementPro/fronte
nd/node_modules/rollup/dist/es/shared/node-
entry.js:21647:26[39m
